error: Student data not found {"statusCode":404}
error: Student data not found {"statusCode":404}
error: Error: Student data not found
    at getStudents (file:///C:/Users/girir/Desktop/GROW/GrowBootCamp/Week5_06-12-16/W5D3_06-14/student.service.js:5:11)
    at getStudents (file:///C:/Users/girir/Desktop/GROW/GrowBootCamp/Week5_06-12-16/W5D3_06-14/student.controller.js:9:32)
    at Layer.handleRequest (C:\Users\girir\Desktop\GROW\GrowBootCamp\node_modules\router\lib\layer.js:152:17)
    at next (C:\Users\girir\Desktop\GROW\GrowBootCamp\node_modules\router\lib\route.js:157:13)
    at Route.dispatch (C:\Users\girir\Desktop\GROW\GrowBootCamp\node_modules\router\lib\route.js:117:3)
    at handle (C:\Users\girir\Desktop\GROW\GrowBootCamp\node_modules\router\index.js:435:11)
    at Layer.handleRequest (C:\Users\girir\Desktop\GROW\GrowBootCamp\node_modules\router\lib\layer.js:152:17)
    at C:\Users\girir\Desktop\GROW\GrowBootCamp\node_modules\router\index.js:295:15
    at processParams (C:\Users\girir\Desktop\GROW\GrowBootCamp\node_modules\router\index.js:582:12)
    at next (C:\Users\girir\Desktop\GROW\GrowBootCamp\node_modules\router\index.js:291:5)
error: Student data not found {"statusCode":404}
error: Student data not found {"statusCode":404}
error: Error: Student data not found
    at getStudents (file:///C:/Users/girir/Desktop/GROW/GrowBootCamp/Week5_06-12-16/W5D3_06-14/student.service.js:5:11)
    at getStudents (file:///C:/Users/girir/Desktop/GROW/GrowBootCamp/Week5_06-12-16/W5D3_06-14/student.controller.js:9:32)
    at Layer.handleRequest (C:\Users\girir\Desktop\GROW\GrowBootCamp\node_modules\router\lib\layer.js:152:17)
    at next (C:\Users\girir\Desktop\GROW\GrowBootCamp\node_modules\router\lib\route.js:157:13)
    at Route.dispatch (C:\Users\girir\Desktop\GROW\GrowBootCamp\node_modules\router\lib\route.js:117:3)
    at handle (C:\Users\girir\Desktop\GROW\GrowBootCamp\node_modules\router\index.js:435:11)
    at Layer.handleRequest (C:\Users\girir\Desktop\GROW\GrowBootCamp\node_modules\router\lib\layer.js:152:17)
    at C:\Users\girir\Desktop\GROW\GrowBootCamp\node_modules\router\index.js:295:15
    at processParams (C:\Users\girir\Desktop\GROW\GrowBootCamp\node_modules\router\index.js:582:12)
    at next (C:\Users\girir\Desktop\GROW\GrowBootCamp\node_modules\router\index.js:291:5)
error: Error: Student ID must be a valid MongoDB ObjectId
    at file:///C:/Users/girir/Desktop/GROW/GrowBootCamp/Week5_06-12-16/W5D3_06-14/express-error-demo.js:32:25
    at Layer.handleRequest (C:\Users\girir\Desktop\GROW\GrowBootCamp\node_modules\router\lib\layer.js:152:17)
    at next (C:\Users\girir\Desktop\GROW\GrowBootCamp\node_modules\router\lib\route.js:157:13)
    at middleware (C:\Users\girir\Desktop\GROW\GrowBootCamp\node_modules\express-validator\lib\middlewares\check.js:16:13)
    at process.processTicksAndRejections (node:internal/process/task_queues:103:5)
error: Error: Student ID must be a valid MongoDB ObjectId
    at file:///C:/Users/girir/Desktop/GROW/GrowBootCamp/Week5_06-12-16/W5D3_06-14/express-error-demo.js:32:25
    at Layer.handleRequest (C:\Users\girir\Desktop\GROW\GrowBootCamp\node_modules\router\lib\layer.js:152:17)
    at next (C:\Users\girir\Desktop\GROW\GrowBootCamp\node_modules\router\lib\route.js:157:13)
    at middleware (C:\Users\girir\Desktop\GROW\GrowBootCamp\node_modules\express-validator\lib\middlewares\check.js:16:13)
    at process.processTicksAndRejections (node:internal/process/task_queues:103:5)
